<!DOCTYPE html>
<html>
	<head>
		<title>foo - Confirm your registration</title>
		<meta charset="utf-8"></meta>
	</head>
    <body>
		<h1 class="title" title="foo">Hello foo</h1>
		<p class="text">42</p>
	</body>
</html>