<!DOCTYPE html>

<html>
    <head>
        <meta charset="utf-8" />
    </head>
    <body>
        <h1 class="title">bar</h1>
        <p class="text">42</p>
    </body>
</html>
