<!DOCTYPE html PUBLIC "-//W3C//DTD XHTML 1.0 Transitional//EN" "http://www.w3.org/TR/xhtml1/DTD/xhtml1-transitional.dtd">
<html xmlns="http://www.w3.org/1999/xhtml">
<head>
<meta http-equiv="Content-Type" content="text/html; charset=UTF-8" />
<title>Demystifying Email Design</title>
<meta name="viewport" content="width=device-width, initial-scale=1.0"/>
</head>
<body style="margin: 0; padding: 0;">
	<table border="0" cellpadding="0" cellspacing="0" width="100%">	
		<tr>
			<td style="padding: 10px 0 30px 0;">
				<table align="center" border="0" cellpadding="0" cellspacing="0" width="600" style="border: 1px solid #cccccc; border-collapse: collapse;">
					<tr>
						<td align="center" bgcolor="#70bbd9" style="padding: 40px 0 30px 0; color: #153643; font-size: 28px; font-weight: bold; font-family: Arial, sans-serif;">
							<img src="data:image/gif;base64,R0lGODlhLAHmANUAAO1MUPn8/iNLW/Soq6F7ivJydupLT3m/26rX6PZUWPvm5slFSPvX2O73++ZSVuXW4IuhuPZcYen0/StXaBo+TOlMUMnl8e73/e9MUMl2gvTy9vP4/X3B3ePu+fb6/uXy/NtJTXqzz/T6/sRZYOPx/OtMT/T5/pTM40J4jtvu9bfd7Fmas2qz0F+ivU6JoWWqxjdoe0iBlz1whDFfcfb7/VORqovI4ILE3uTy+NLq853Q5cDh7hU2Q/pWWv///3C72SH/C1hNUCBEYXRhWE1QPD94cGFja2V0IGJlZ2luPSLvu78iIGlkPSJXNU0wTXBDZWhpSHpyZVN6TlRjemtjOWQiPz4gPHg6eG1wbWV0YSB4bWxuczp4PSJhZG9iZTpuczptZXRhLyIgeDp4bXB0az0iQWRvYmUgWE1QIENvcmUgNS4wLWMwNjAgNjEuMTM0Nzc3LCAyMDEwLzAyLzEyLTE3OjMyOjAwICAgICAgICAiPiA8cmRmOlJERiB4bWxuczpyZGY9Imh0dHA6Ly93d3cudzMub3JnLzE5OTkvMDIvMjItcmRmLXN5bnRheC1ucyMiPiA8cmRmOkRlc2NyaXB0aW9uIHJkZjphYm91dD0iIiB4bWxuczp4bXA9Imh0dHA6Ly9ucy5hZG9iZS5jb20veGFwLzEuMC8iIHhtbG5zOnhtcE1NPSJodHRwOi8vbnMuYWRvYmUuY29tL3hhcC8xLjAvbW0vIiB4bWxuczpzdFJlZj0iaHR0cDovL25zLmFkb2JlLmNvbS94YXAvMS4wL3NUeXBlL1Jlc291cmNlUmVmIyIgeG1wOkNyZWF0b3JUb29sPSJBZG9iZSBQaG90b3Nob3AgQ1M1IE1hY2ludG9zaCIgeG1wTU06SW5zdGFuY2VJRD0ieG1wLmlpZDoxMTc1MTc0RUJFMTUxMUUyQjUwQ0YzRjY0Nzg2NURGMCIgeG1wTU06RG9jdW1lbnRJRD0ieG1wLmRpZDoxMTc1MTc0RkJFMTUxMUUyQjUwQ0YzRjY0Nzg2NURGMCI+IDx4bXBNTTpEZXJpdmVkRnJvbSBzdFJlZjppbnN0YW5jZUlEPSJ4bXAuaWlkOjExNzUxNzRDQkUxNTExRTJCNTBDRjNGNjQ3ODY1REYwIiBzdFJlZjpkb2N1bWVudElEPSJ4bXAuZGlkOjExNzUxNzREQkUxNTExRTJCNTBDRjNGNjQ3ODY1REYwIi8+IDwvcmRmOkRlc2NyaXB0aW9uPiA8L3JkZjpSREY+IDwveDp4bXBtZXRhPiA8P3hwYWNrZXQgZW5kPSJyIj8+Af/+/fz7+vn49/b19PPy8fDv7u3s6+rp6Ofm5eTj4uHg397d3Nva2djX1tXU09LR0M/OzczLysnIx8bFxMPCwcC/vr28u7q5uLe2tbSzsrGwr66trKuqqainpqWko6KhoJ+enZybmpmYl5aVlJOSkZCPjo2Mi4qJiIeGhYSDgoGAf359fHt6eXh3dnV0c3JxcG9ubWxramloZ2ZlZGNiYWBfXl1cW1pZWFdWVVRTUlFQT05NTEtKSUhHRkVEQ0JBQD8+PTw7Ojk4NzY1NDMyMTAvLi0sKyopKCcmJSQjIiEgHx4dHBsaGRgXFhUUExIREA8ODQwLCgkIBwYFBAMCAQAAIfkEAAAAAAAsAAAAACwB5gAABv/An3BILBqPyKRyyWw6n9CodEqtWq/YrHbL/XEsDZ94TC6bz+i0es1uWDjduHxOr2sPG7Z+z++zN3B2goOEhVwWfomKi2oWho+QkZJEEoyWl4kSk5ucnVxhmKGiaA2epqeoTKCjrKOlqbCxp6uttZavsrm6j7S2vn64u8LDcr2/x23EystZxsjPZ8HM09Sq0Ndp0tXb3ELO2Nfa3ePM3+DP4uTqwuZjAe/w8fLz9AHnYunr+rHtPhIkAAMKHEiwIEAa5/LtW2iqHQ2DECMKrAROIcOLk9oFkMjRYJ6KGEPOWkPjgsmTKFOqXHnhI0iRMDf1u2fLYsybc2bSbGUTp8//LTp3uvpJ1E5QoaF6Fl0q5SjSS0qZSm3i9CmjqFOzIqlqVRFWrWCHcO0KLKzZJ2PJ8vl6Nmu/ACbiyp1Lt67du3jz0hWxhm1bqRrWfOhIuLDhgBTRaPjLuAiEEQrUeDhMuTJENQpGQGjMmMCCBZHVDLZMunLiMwo+E+Bs9vFn0Gz0yp5NO6+HNak/a2ad1fNr2Gp95X69mjdTB7+BB681/DMI40wTJADxOvTyVsNBGKgAfWmCHj2QK0dDQ4L58+jTq1/Pvr379BfspcmtfXv3ot/BT7d+ZmPp/4Z9gBkIFRhgIHf3/ZQfeD0UwF8ZDwEoYUfzFWDghQgmiNOCDEYw/0Aa/0woYkEulTGAAxdiqKFPHDLY4IPX+aGAhSmquOJNLbroYYyKnAhAjTbeCFOOLr7I4x4zlqBkCUDaJ+SQRUbZw47u1GPllVhmaSUZJ2IAwJJM1pjhkxgRKaWD/oyopkAXzAjAm2+CKSaZIpkppYdr5tlBl3DCueScdJYp5aDgFfBAniI+UECfjMoZZKAL2Umoh+9Vauml6g0AgJeM9vnno5DqIymhRqo1IwaoctppnEqCGqo6o5JKpVUDpGrrqqyG6eSropLqa6EwgnOqrbfi+umYvJIT668eblDbs3ptUCux1Brb6q7JKvvrtg0eimhBilIrrqqeXotsttwsy/+thx18G9Cem45b7armogsrt/ga6m648o5Lb6vn2kuNuvhOOYCz0Mombb/9/stkwAIzQ3DBpYrCQAEMN9zpnxBHrMzEFM96ybQZy+swth5PAzLFFStycckMW4tyysuszLLIfASgKcwx/zszzcTYzHLLbDAQQZ88++tzx0DrIvTQOKOh86pJz7vxw02rPPTWwKphNK7xVo3qyUxnHcvTXEftg84GlAD2m2KT6yfAZtfM9d0tGw2m22BXbS3WdQeN9907st1220u+HXbPZAcu+OB3FxABkHsrznjjjguDNuT6NQmm4osXCzbHmWvO+eAJ/Fhj5aC3nuuBpe+y+emdU57/uOugHxu707RDnrrtt+PucJhl777J7L3Xvnrwwpdbr/FnJ8/578szL7yjP0PfCfLS66frhZ83v7er2m/f/enUp8h66+OTX/7x59OewPcG7s336O3D/v4p3Mevn+rqs5+S5iZAQO3PE/3zn/eAJ8AGAql4ByREAhXYg/RVr4HXemAEEUjB5M2vSfUrIAizt0FDTLCDFcTACFfYJAiWsA4nRGEF6cdCELrwhXOIgAyllwAV1nCFDsDhJHS4Qx7S8IcGCqIQI0HEInrQh0hMkRKX+IgmOtGDR2ThFKlYCCtesXc9jGISuVjFL8bvg0jcIhkF4UUzghGKWlxjF93oPzQC/1GOhGgjHcEIQBCqEY853KMCE3BHQNpBj4JMXh8vBIARGNIOGUgkBQkJpAw8sg4QkGQHF7mZS9Ihkpoc5IUs6Uk6hACRoewdBkYQglLWIQSgTOX5MtBKV9oBAhkogCxpV4AMdNKWwAymMIdJzGIa85jITKYyl8nMZjrzmdCMpjSnSc1qWvOa2MymNrfJzW5685vgDKc4x0nOcprznOhMpzrXyc52uvOd8IynPHXBghjAAAYxYEETXICCfqIgBi1wgj8HuoIn1KCf+nQCPweKAia8oJ8vYEI/a0AEFBS0CSuQwQRm4IINtkAAPBAACiYggIguYQIhnQBJedBQJvAgpf8qnUBHnQBSHsTgCRqlAA8ooFImrOClF1XCSykQUCGwtAkoeKkMUEABGUQQpBMYwk2ZgNKW/iAGPGjCS60KBRdQYAYhjQJKo4pRoLp0pwJI6FGX8FObCuEFCW0aC0yqhBa8lKJQqOoQfqrVtUZBpHblwUydMFYntDWoSVCqAGBgVK4iQQY7lUJRIdXTJbjgpXElLA9gsIIVuEAAZF3CS0EbU8NSQJ8oFUBeeRBatppVtCxtAQVu6tckFPYHGm0tEn6KWDJ11qevfUJqV+rYxG62s79tgko7m1Qe9FYJtwWuc8/a0BrwwK7FNQIMwvqDFmCVCSxwQWZTxgKdWpWu0D3/6gu+6oStRuGnMZ2ATnWbXvruNrjGbSlTa4uEy073B3w9IFZt2oIaUAC9SNDrD6w7VdhmVwn3JAJkr6tZ+x7hsNQdgoKXAFIK1KAFM6DABmtQUwE89wgbhuxkjfvSFj94CC+gMIxfyljlstaw+EWCe4XAApE6QQYgXex450nkIhv5yEhOspKXzOQmO/nJUI6ylKdM5Spb+crVPGg/V+xKMaRAQx9t8Y5t6eUEyVbMLUbwJct8H5Si+aUNFqINwkADBCCBzdCx7pvhzEUckOEAR8Czcba7ZxkvsQwnCLQPvtwdN79ZtVzMwRhoAGgjCJo3jkbziUt4AEnjwAZ3XvR9/wiN5sGSWdTdOXOLTTzMS/PmBTH4J5eB6WosT6LWto4EroexgllHoQW+TkJGZ5DPJ7Rg0yXcNRZWMAOVcvQINWj2BGCg5t06WgDBriupPdwEPQ+12kRgtphnkO1HnODc586CDdAN6ias+9ztrsIN0H2CeGNB2U0ILwpWzAKwornGQyD1UJHNY4EPtdxGaC6a8aoEf7cY4EeY8JvJPQkESNoMOUi0Em6gAhVUWggHUEEvaGCBjxch5CPfgcmZcACLIwRCKmcCAjqeBHwvoccP53FN3zxYgw91yEPA+Z4h3QSfj5YJOhWzhX9g9J0TfA4n8LMaUnCDJJxADBr/gQ5efv8GGthbCFtPg9ebcAMLcJ08OlhCCsRQc1RTYcAt7qjD30xWhfM8CXN/M8KFIPE9M/wIgVU6EnxeUqYf3RAImPQOTlB1G+jA7GIY+xGu7oNEHwARPiC5Ds6NAMxnvupD2EHkLbD5E3R+0l8/uQrIgAMVlP7cO+C6nZOwdh+0ndFUyDuxR7vzFos48CFGs1OPYHelzhWk1F6Ct1s8A7iiFAbZhjvzjyD9n7817oXwvAqQ0OnIg74IlD/BAaTucSPYQOqMvrwYYl6E84sBB0m4wSoskHqQX5wG3zdC7W9vhYnrNK0ssGc/4GYdVXz2FXguNgQKNwHBVl5oNgND4G3YdgT/ecdf3bVniDV9g5B4mVd/RIB5uEcElKcDfiZ5R3AALyd+JZh1RnADLzd7R7B2KeCBRFB7joAE+xdqIfhehXZaQtB7L+VfNWaARwCErWV3aXUEBueDQtBW32YESSdmz5VpNEYEAXh4dkB5JqgEtQeDQ6CFPoADK2cEq+cDOeBnOJB/R1CGORB/XrhxYzCGQpCDiraDUFB8LcZwVCgAQZZQxQdxQuBfYrZieRdnQoCAQVhRwlcEiIhZReCEvpdZkDgIUpd2ZPd+RkB5YSiHJ8d6nEgEBzAGWoB5bzgEdGhpbicFVPhSrVVoPKCHaFZcQAiIUThmGoZmRCcEeadb1cdd/0QAhDwwfEPQd4LAgW34BJj3dZQnhk5Qe8zYBFLHglWgA+uHg2yng1VQaBm4Z61YakUgiC2GWDEWi0UwjmJmaj9ghEVQgY4FiWlmhbUoCFKnhktAjT6wfSIoBvjYBGW4j0wgej5QilNwA7h2ikVgc/dFd+GmjUPQiFy2h9/4Zoa4hOM1cUVQiznmcxCoiGJmBzaAkKB4aZTnj0vQj09gkllQkNdYh1SAh4JFBMvXYkf4ZowokUXQdy/FbxgJiO5YW+bYkVbod0Twk744B2UokEsQBtIwkk9gjySpBCh5bytZBAZJBCBpBKsoYhy5cL+IZrqFkzyAYEColUMAjndVBP+9aGpmyQMbWZZvRpY/6JV2UHv0yAQGyZROgJdN4JRaIIoxOJUHmYpQgJHBWASrmItXKGaOBYS5aFRySQR5B5e6qHcSZpOQ+WYQh4cvpgUIQQNTcJf6+AR6yQSj+QQHcAIqYAEpcHbWaHvYKFl7hmCEGWdriViNaIg9yVWJmXNFAIyGSZlEQJh/R5h7dwVXSQRlCH6hmZfL2QSlqQQtBwZq0Jr8JwVr2ZhE+VLoFZloCZwK+GaIFZMvOZQKSQSPVpNvFlc9uXRaQJCYoJz3KJrNSZrzyX0IIHVkkAI7oAL15pf6B5hWKZg/ZpkRaJHB+W+/KWaSOYA0WZlohmBrKYz/AIaZ3YmL5KmgxWkFmmgJ8PmUVlefSvCcoKgCXEcDOYAAqeefVAmgQ3Cct/igN3l3BeqN5vmAUPiYQ8CY2iWjQpCWMbqI4VZTFJeF70dvRnqkSNqh8hmfzMmkk7cKOWCJoeaa/0mlqGiHfSVmjcmgaJZZYJlZjehYYVoEFHqR3olbb4Zgq4iOkBCKAloFIooEcTp5ICoEHLhodRmYVlqDLCoELnqBQFqj49abNkoEtVkEeIhYPWmIjZhVRACRhKppUCADQGecmbcFc5qJdSqndaqJSImKe2qKffoDf3qoC4lmcZad6LiK4+WbhgqePyp4QVemggqUA/p0UwAKnxgF/5mqpE3qoaDwqaBKna85qWi2oHiIXr2IXrs5VOVYnjmanpEqZhKKh+i4lo7aBDHGhFxwcVJ6Bb2aj05Kn+MKdpj4BCrKp6Haom96UoX6qMe6jha6lTKJqG/GVWspmY06WOuVptPqe8JVmHHAgTeIBeH6hZtKp+X6A6QIBekqquvqp+2qBBhpiD+AkW0pBBULj7Qal5IarTgqBEY3WRUomb14Y/uknXLgnpSWBQcrBC/7A89Ze9K4BA87h6Pqos1qaId4r0TQiOjlklwlntn6A9jaWg7YoEbLjRx7ng5lXnRwccK6pB7KqQv7oQtLsw7bp1XJrliqBD1pBL2IWGaJmP+EWVuHGXRnW61M211ny1WQRQGuqgQ4x61xoIW7+qtUu7crWnmmebM/0LUS+7VJUH305XP2Sq2KKLfk2IR7BnBJxbiKqbZ75lT9KrnY17Ms5XPg9qJ/JwcXd4wamrCaerVW+5RS6wRzBriCS6oT+1iN25VaKq9ixnDjOFKNW7eN26/2hKB8F1I8J3Q1QIVB1WH1xKNG0G9VaAcoKAYFy3IKW7XRy7dEwIGEW72s+ZcR67rXi2JcGZSBKgRUSFcodVp5N3zbpVI0mlo/QIRLy1ISWVOMRYV4RWg3lZ0W9gIlVqldYAMvlwN5+wMI0ABjGLMGDKLNG5AbV3spIHXEypL/UACECNaTq4pm3+lWxedh/tYCVNhQhFZQ4nlQWwWWSZeEVEhu/kZ0q2ixMZB0B1YI/ht55WcELQcKT3nApju9ZDgGM0wEZRd5dia4rYsPUaC0UnWm7dul7wtpPdliThWZNTV8O7tqLLCK1pfErjhZTSxTnQVkvpehW+B+Y5ACHddxO1B7XpZ6OCy9pVu1nmeiZbwD+El1QgCQD2wEUpcDKpCnRhCyQpDBRuCO6rtTdAWMIaVPJ3vIQ1CBOXmxe0ZUDemK6Gh0QwfGXTDAa5ACNQuzpOurzpmwCHB2ZYADLJic2psE9tjJQ+C7MOnH4vvIKyaeL/wDSaulYLpnHZWd/zv1kHtWXELnisHIv4SgA2dMBg1Axnz8A6fJeKZ5bsl8cs4MnQiwmmO8A6k3b5v8A++mBJjsAzswoAfnvXl4BL88WrPWdxPYkLU4AUMGjty2YI+mZuVMAWw6jK44AbjqSSsAUUmwUATnAtJWbIDXT/VcT/2EbA/1T3FFkf1M0ML8A7AWX8TWuba2AsCYsbk2CCxAyRab0XTQwq6Yzx59BWEGzCNtB72IsSc9B8qrpRaNqisdB+UczNlJ0TEtBfOMV2V701yQaYUnsrHL01cAjkkIsu8o1Fiwc0WtufWK1FfgbXaLpufo1FcgcWzaewtK1WKFhW45uVpdBW5WXJkW1T5fvVr/NaOZW9ZTMGGIVcsoq9ZTEFgAV8UK+tBwrQQTdlMv/cV3bQWUnM59XQWfpaAoYNeB3QTHllyHfRZBAAA7" alt="Creating Email Magic" width="300" height="230" style="display: block;" />
						</td>
					</tr>
					<tr>
						<td bgcolor="#ffffff" style="padding: 40px 30px 40px 30px;">
							<table border="0" cellpadding="0" cellspacing="0" width="100%">
								<tr>
									<td style="color: #153643; font-family: Arial, sans-serif; font-size: 24px;">
										<b>Lorem ipsum dolor sit amet!</b>
									</td>
								</tr>
								<tr>
									<td style="padding: 20px 0 30px 0; color: #153643; font-family: Arial, sans-serif; font-size: 16px; line-height: 20px;">
										Lorem ipsum dolor sit amet, consectetur adipiscing elit. In tempus adipiscing felis, sit amet blandit ipsum volutpat sed. Morbi porttitor, eget accumsan dictum, nisi libero ultricies ipsum, in posuere mauris neque at erat.
									</td>
								</tr>
								<tr>
									<td>
										<table border="0" cellpadding="0" cellspacing="0" width="100%">
											<tr>
												<td width="260" valign="top">
													<table border="0" cellpadding="0" cellspacing="0" width="100%">
														<tr>
															<td>
																<img src="images/left.gif" data-skip-inline="true" alt="" width="100%" height="140" style="display: block;" />
															</td>
														</tr>
														<tr>
															<td style="padding: 25px 0 0 0; color: #153643; font-family: Arial, sans-serif; font-size: 16px; line-height: 20px;">
																Lorem ipsum dolor sit amet, consectetur adipiscing elit. In tempus adipiscing felis, sit amet blandit ipsum volutpat sed. Morbi porttitor, eget accumsan dictum, nisi libero ultricies ipsum, in posuere mauris neque at erat.
															</td>
														</tr>
													</table>
												</td>
												<td style="font-size: 0; line-height: 0;" width="20">
													&nbsp;
												</td>
												<td width="260" valign="top">
													<table border="0" cellpadding="0" cellspacing="0" width="100%">
														<tr>
															<td>
																<img src="images/right.gif" data-skip-inline="attach,base64" alt="" width="100%" height="140" style="display: block;" />
															</td>
														</tr>
														<tr>
															<td style="padding: 25px 0 0 0; color: #153643; font-family: Arial, sans-serif; font-size: 16px; line-height: 20px;">
																Lorem ipsum dolor sit amet, consectetur adipiscing elit. In tempus adipiscing felis, sit amet blandit ipsum volutpat sed. Morbi porttitor, eget accumsan dictum, nisi libero ultricies ipsum, in posuere mauris neque at erat.
															</td>
														</tr>
													</table>
												</td>
											</tr>
										</table>
									</td>
								</tr>
							</table>
						</td>
					</tr>
					<tr>
						<td bgcolor="#ee4c50" style="padding: 30px 30px 30px 30px;">
							<table border="0" cellpadding="0" cellspacing="0" width="100%">
								<tr>
									<td style="color: #ffffff; font-family: Arial, sans-serif; font-size: 14px;" width="75%">
										&reg; Someone, somewhere 2013<br/>
										<a href="#" style="color: #ffffff;"><font color="#ffffff">Unsubscribe</font></a> to this newsletter instantly
									</td>
									<td align="right" width="25%">
										<table border="0" cellpadding="0" cellspacing="0">
											<tr>
												<td style="font-family: Arial, sans-serif; font-size: 12px; font-weight: bold;">
													<a href="http://www.twitter.com/" style="color: #ffffff;">
														<img src="data:image/gif;base64,R0lGODlhJgAmANUAAOVITLMxNbw1OedJTe1LT7QxNepKTsU5PeZITLgzN7EwNLAwNOtLT+xLT9A+Qsc6PttDR+JHS7AvM7UyNu1MUN5FSbIwNME3O+BGSsA3O+FGSsg7P99FSdhCRuhJTc09QeNHS9VARN5ESLk0OL42OtlCRtpDR7YyNr01OdxESNE/Q+lKTsQ5Pb83O8Y6PtRARLo0OMo8QNM/Q9NARNdBRbs0OLczN849QeRHS8M4PNZBRdI/Q8I4PM8+Qq8vM+5MUCH/C1hNUCBEYXRhWE1QPD94cGFja2V0IGJlZ2luPSLvu78iIGlkPSJXNU0wTXBDZWhpSHpyZVN6TlRjemtjOWQiPz4gPHg6eG1wbWV0YSB4bWxuczp4PSJhZG9iZTpuczptZXRhLyIgeDp4bXB0az0iQWRvYmUgWE1QIENvcmUgNS4wLWMwNjAgNjEuMTM0Nzc3LCAyMDEwLzAyLzEyLTE3OjMyOjAwICAgICAgICAiPiA8cmRmOlJERiB4bWxuczpyZGY9Imh0dHA6Ly93d3cudzMub3JnLzE5OTkvMDIvMjItcmRmLXN5bnRheC1ucyMiPiA8cmRmOkRlc2NyaXB0aW9uIHJkZjphYm91dD0iIiB4bWxuczp4bXA9Imh0dHA6Ly9ucy5hZG9iZS5jb20veGFwLzEuMC8iIHhtbG5zOnhtcE1NPSJodHRwOi8vbnMuYWRvYmUuY29tL3hhcC8xLjAvbW0vIiB4bWxuczpzdFJlZj0iaHR0cDovL25zLmFkb2JlLmNvbS94YXAvMS4wL3NUeXBlL1Jlc291cmNlUmVmIyIgeG1wOkNyZWF0b3JUb29sPSJBZG9iZSBQaG90b3Nob3AgQ1M1IE1hY2ludG9zaCIgeG1wTU06SW5zdGFuY2VJRD0ieG1wLmlpZDo1QjcwQTA5QkJFMTUxMUUyQjUwQ0YzRjY0Nzg2NURGMCIgeG1wTU06RG9jdW1lbnRJRD0ieG1wLmRpZDo1QjcwQTA5Q0JFMTUxMUUyQjUwQ0YzRjY0Nzg2NURGMCI+IDx4bXBNTTpEZXJpdmVkRnJvbSBzdFJlZjppbnN0YW5jZUlEPSJ4bXAuaWlkOjExNzUxNzUwQkUxNTExRTJCNTBDRjNGNjQ3ODY1REYwIiBzdFJlZjpkb2N1bWVudElEPSJ4bXAuZGlkOjVCNzBBMDlBQkUxNTExRTJCNTBDRjNGNjQ3ODY1REYwIi8+IDwvcmRmOkRlc2NyaXB0aW9uPiA8L3JkZjpSREY+IDwveDp4bXBtZXRhPiA8P3hwYWNrZXQgZW5kPSJyIj8+Af/+/fz7+vn49/b19PPy8fDv7u3s6+rp6Ofm5eTj4uHg397d3Nva2djX1tXU09LR0M/OzczLysnIx8bFxMPCwcC/vr28u7q5uLe2tbSzsrGwr66trKuqqainpqWko6KhoJ+enZybmpmYl5aVlJOSkZCPjo2Mi4qJiIeGhYSDgoGAf359fHt6eXh3dnV0c3JxcG9ubWxramloZ2ZlZGNiYWBfXl1cW1pZWFdWVVRTUlFQT05NTEtKSUhHRkVEQ0JBQD8+PTw7Ojk4NzY1NDMyMTAvLi0sKyopKCcmJSQjIiEgHx4dHBsaGRgXFhUUExIREA8ODQwLCgkIBwYFBAMCAQAAIfkEAAAAAAAsAAAAACYAJgAABv/An3BILAojGoyGYWw6mwzTIeCrWiWX2eDJHRpiCqt47MtEuk2Cg2pdCHibjUtQGB+2aCFC0D6YmEYVH3VVARB5GhNWBwhoDWtWMl0gbAUVeUMrJFY7Tx4nVTB4mEIED1aHTS1VCQakRqc+AY1FJYU4r0YEmz4HRQQJVR25TSsWVWdDIVUCRa5NIjU+EzcUOCJEDlUtRCNVl0McMM9EHGMBAQMNQwygPnggrEU6PgK0Q3xjIzkURDdVL4SoqPKhSIoqCnYAIkDGBwlyQuL5uCAkRxUORRoQ8mHhQQgMDSUZUbSgnzcfgIYgKLGgIZkQTS5UaUSlgBEILhumaLLh4g/+CT4S6FKUUwzEIR+qHApzookGNkVJOIlRZWedAE0oqNjosoQTF1Uw/EBRxUPMoj5q9GtC9t2PWF6NGMiQU0EyIw3CYP1Br9cTEy3HSKDxREQVHkIGAA1AwIgHB8fGWEjlJBZMIXR9BByigYXLO1wQtFRADue0lEIAOJjTYoOKUU8OVHlQJF8MYkY4AF1wTwgGoD6G4U5MqKCRHgjF4jYAg1njJp59KBD+CkAwHydWPGnQ1kcM1F06RA4AokuD6D4KvHj+pEK+oAAwabMSwA/sBoJsiMlwtEsEmWQUcN0YCVCXiwiZFWXDDOwN5wENG5AgQEsjCPCAA3cNp2ETQQAAOw==" data-skip-inline="attach" alt="Twitter" width="38" height="38" style="display: block;" border="0" />
													</a>
												</td>
												<td style="font-size: 0; line-height: 0;" width="20">&nbsp;</td>
												<td style="font-family: Arial, sans-serif; font-size: 12px; font-weight: bold;">
													<a href="http://www.twitter.com/" style="color: #ffffff;">
														<img src="images/fb.gif" data-skip-inline="base64" alt="Facebook" width="38" height="38" style="display: block;" border="0" />
													</a>
												</td>
											</tr>
										</table>
									</td>
								</tr>
							</table>
						</td>
					</tr>
				</table>
			</td>
		</tr>
	</table>
</body>
</html>